Archive member included because of file (symbol)

c:/program files (x86)/gnu tools arm embedded/4.9 2014q4/bin/../lib/gcc/arm-none-eabi/4.9.3/armv6-m\libgcc.a(_udivsi3.o)
                              ..\obj\stm32f0xx_rcc.o (__aeabi_uidiv)
c:/program files (x86)/gnu tools arm embedded/4.9 2014q4/bin/../lib/gcc/arm-none-eabi/4.9.3/armv6-m\libgcc.a(_dvmd_tls.o)
                              c:/program files (x86)/gnu tools arm embedded/4.9 2014q4/bin/../lib/gcc/arm-none-eabi/4.9.3/armv6-m\libgcc.a(_udivsi3.o) (__aeabi_idiv0)

Allocating common symbols
Common symbol       size              file

D                   0x2c              ..\obj\main.o
N                   0x3               ..\obj\main.o
A                   0x18              ..\obj\main.o
G                   0x8               ..\obj\main.o
Conversions         0x6               ..\obj\main.o

Discarded input sections

 .text          0x00000000        0x0 ..\obj\stm32f0xx_rcc.o
 .data          0x00000000       0x10 ..\obj\stm32f0xx_rcc.o
 .bss           0x00000000        0x0 ..\obj\stm32f0xx_rcc.o
 .text.RCC_DeInit
                0x00000000       0x88 ..\obj\stm32f0xx_rcc.o
 .text.RCC_HSEConfig
                0x00000000       0x24 ..\obj\stm32f0xx_rcc.o
 .text.RCC_WaitForHSEStartUp
                0x00000000       0x60 ..\obj\stm32f0xx_rcc.o
 .text.RCC_AdjustHSICalibrationValue
                0x00000000       0x3c ..\obj\stm32f0xx_rcc.o
 .text.RCC_HSICmd
                0x00000000       0x38 ..\obj\stm32f0xx_rcc.o
 .text.RCC_AdjustHSI14CalibrationValue
                0x00000000       0x3c ..\obj\stm32f0xx_rcc.o
 .text.RCC_HSI14Cmd
                0x00000000       0x38 ..\obj\stm32f0xx_rcc.o
 .text.RCC_HSI14ADCRequestCmd
                0x00000000       0x38 ..\obj\stm32f0xx_rcc.o
 .text.RCC_LSEConfig
                0x00000000       0x38 ..\obj\stm32f0xx_rcc.o
 .text.RCC_LSEDriveConfig
                0x00000000       0x2c ..\obj\stm32f0xx_rcc.o
 .text.RCC_LSICmd
                0x00000000       0x38 ..\obj\stm32f0xx_rcc.o
 .text.RCC_PLLConfig
                0x00000000       0x34 ..\obj\stm32f0xx_rcc.o
 .text.RCC_PLLCmd
                0x00000000       0x40 ..\obj\stm32f0xx_rcc.o
 .text.RCC_PREDIV1Config
                0x00000000       0x34 ..\obj\stm32f0xx_rcc.o
 .text.RCC_ClockSecuritySystemCmd
                0x00000000       0x40 ..\obj\stm32f0xx_rcc.o
 .text.RCC_MCOConfig
                0x00000000       0x20 ..\obj\stm32f0xx_rcc.o
 .text.RCC_SYSCLKConfig
                0x00000000       0x34 ..\obj\stm32f0xx_rcc.o
 .text.RCC_GetSYSCLKSource
                0x00000000       0x1c ..\obj\stm32f0xx_rcc.o
 .text.RCC_HCLKConfig
                0x00000000       0x34 ..\obj\stm32f0xx_rcc.o
 .text.RCC_PCLKConfig
                0x00000000       0x38 ..\obj\stm32f0xx_rcc.o
 .text.RCC_ADCCLKConfig
                0x00000000       0x50 ..\obj\stm32f0xx_rcc.o
 .text.RCC_CECCLKConfig
                0x00000000       0x2c ..\obj\stm32f0xx_rcc.o
 .text.RCC_I2CCLKConfig
                0x00000000       0x2c ..\obj\stm32f0xx_rcc.o
 .text.RCC_USARTCLKConfig
                0x00000000       0x2c ..\obj\stm32f0xx_rcc.o
 .text.RCC_GetClocksFreq
                0x00000000      0x1cc ..\obj\stm32f0xx_rcc.o
 .text.RCC_RTCCLKConfig
                0x00000000       0x20 ..\obj\stm32f0xx_rcc.o
 .text.RCC_RTCCLKCmd
                0x00000000       0x40 ..\obj\stm32f0xx_rcc.o
 .text.RCC_BackupResetCmd
                0x00000000       0x40 ..\obj\stm32f0xx_rcc.o
 .text.RCC_APB1PeriphClockCmd
                0x00000000       0x3c ..\obj\stm32f0xx_rcc.o
 .text.RCC_AHBPeriphResetCmd
                0x00000000       0x3c ..\obj\stm32f0xx_rcc.o
 .text.RCC_APB2PeriphResetCmd
                0x00000000       0x3c ..\obj\stm32f0xx_rcc.o
 .text.RCC_APB1PeriphResetCmd
                0x00000000       0x3c ..\obj\stm32f0xx_rcc.o
 .text.RCC_ITConfig
                0x00000000       0x50 ..\obj\stm32f0xx_rcc.o
 .text.RCC_GetFlagStatus
                0x00000000       0x94 ..\obj\stm32f0xx_rcc.o
 .text.RCC_ClearFlag
                0x00000000       0x1c ..\obj\stm32f0xx_rcc.o
 .text.RCC_GetITStatus
                0x00000000       0x44 ..\obj\stm32f0xx_rcc.o
 .text.RCC_ClearITPendingBit
                0x00000000       0x20 ..\obj\stm32f0xx_rcc.o
 .text          0x00000000        0x0 ..\obj\stm32f0xx_adc.o
 .data          0x00000000        0x0 ..\obj\stm32f0xx_adc.o
 .bss           0x00000000        0x0 ..\obj\stm32f0xx_adc.o
 .text.ADC_DeInit
                0x00000000       0x34 ..\obj\stm32f0xx_adc.o
 .text.ADC_StructInit
                0x00000000       0x34 ..\obj\stm32f0xx_adc.o
 .text.ADC_JitterCmd
                0x00000000       0x38 ..\obj\stm32f0xx_adc.o
 .text.ADC_AutoPowerOffCmd
                0x00000000       0x3c ..\obj\stm32f0xx_adc.o
 .text.ADC_WaitModeCmd
                0x00000000       0x3c ..\obj\stm32f0xx_adc.o
 .text.ADC_AnalogWatchdogCmd
                0x00000000       0x3c ..\obj\stm32f0xx_adc.o
 .text.ADC_AnalogWatchdogThresholdsConfig
                0x00000000       0x30 ..\obj\stm32f0xx_adc.o
 .text.ADC_AnalogWatchdogSingleChannelConfig
                0x00000000       0x34 ..\obj\stm32f0xx_adc.o
 .text.ADC_AnalogWatchdogSingleChannelCmd
                0x00000000       0x3c ..\obj\stm32f0xx_adc.o
 .text.ADC_TempSensorCmd
                0x00000000       0x40 ..\obj\stm32f0xx_adc.o
 .text.ADC_VrefintCmd
                0x00000000       0x40 ..\obj\stm32f0xx_adc.o
 .text.ADC_VbatCmd
                0x00000000       0x40 ..\obj\stm32f0xx_adc.o
 .text.ADC_ContinuousModeCmd
                0x00000000       0x3c ..\obj\stm32f0xx_adc.o
 .text.ADC_DiscModeCmd
                0x00000000       0x3c ..\obj\stm32f0xx_adc.o
 .text.ADC_OverrunModeCmd
                0x00000000       0x3c ..\obj\stm32f0xx_adc.o
 .text.ADC_GetCalibrationFactor
                0x00000000       0x60 ..\obj\stm32f0xx_adc.o
 .text.ADC_StopOfConversion
                0x00000000       0x1c ..\obj\stm32f0xx_adc.o
 .text.ADC_GetConversionValue
                0x00000000       0x18 ..\obj\stm32f0xx_adc.o
 .text.ADC_DMARequestModeConfig
                0x00000000       0x2c ..\obj\stm32f0xx_adc.o
 .text.ADC_ITConfig
                0x00000000       0x38 ..\obj\stm32f0xx_adc.o
 .text.ADC_ClearFlag
                0x00000000       0x18 ..\obj\stm32f0xx_adc.o
 .text.ADC_GetITStatus
                0x00000000       0x50 ..\obj\stm32f0xx_adc.o
 .text.ADC_ClearITPendingBit
                0x00000000       0x18 ..\obj\stm32f0xx_adc.o
 .text          0x00000000        0x0 ..\obj\main.o
 .data          0x00000000        0x0 ..\obj\main.o
 .text          0x00000000       0x14 ..\obj\startup_stm32f0xx.o
 .data          0x00000000        0x0 ..\obj\startup_stm32f0xx.o
 .bss           0x00000000        0x0 ..\obj\startup_stm32f0xx.o
 .text          0x00000000        0x0 ..\obj\stm32f0xx_dma.o
 .data          0x00000000        0x0 ..\obj\stm32f0xx_dma.o
 .bss           0x00000000        0x0 ..\obj\stm32f0xx_dma.o
 .text.DMA_DeInit
                0x00000000       0xc0 ..\obj\stm32f0xx_dma.o
 .text.DMA_StructInit
                0x00000000       0x50 ..\obj\stm32f0xx_dma.o
 .text.DMA_SetCurrDataCounter
                0x00000000       0x1c ..\obj\stm32f0xx_dma.o
 .text.DMA_GetCurrDataCounter
                0x00000000       0x18 ..\obj\stm32f0xx_dma.o
 .text.DMA_GetFlagStatus
                0x00000000       0x40 ..\obj\stm32f0xx_dma.o
 .text.DMA_ClearFlag
                0x00000000       0x18 ..\obj\stm32f0xx_dma.o
 .text          0x00000000        0x0 ..\obj\system_stm32f0xx_temp.o
 .data          0x00000000       0x14 ..\obj\system_stm32f0xx_temp.o
 .bss           0x00000000        0x0 ..\obj\system_stm32f0xx_temp.o
 .text.SystemCoreClockUpdate1
                0x00000000       0xd4 ..\obj\system_stm32f0xx_temp.o
 .text          0x00000000        0x0 ..\obj\stm32f0xx_gpio.o
 .data          0x00000000        0x0 ..\obj\stm32f0xx_gpio.o
 .bss           0x00000000        0x0 ..\obj\stm32f0xx_gpio.o
 .text.GPIO_DeInit
                0x00000000       0xc8 ..\obj\stm32f0xx_gpio.o
 .text.GPIO_StructInit
                0x00000000       0x30 ..\obj\stm32f0xx_gpio.o
 .text.GPIO_PinLockConfig
                0x00000000       0x44 ..\obj\stm32f0xx_gpio.o
 .text.GPIO_ReadInputDataBit
                0x00000000       0x48 ..\obj\stm32f0xx_gpio.o
 .text.GPIO_ReadInputData
                0x00000000       0x18 ..\obj\stm32f0xx_gpio.o
 .text.GPIO_ReadOutputDataBit
                0x00000000       0x48 ..\obj\stm32f0xx_gpio.o
 .text.GPIO_ReadOutputData
                0x00000000       0x18 ..\obj\stm32f0xx_gpio.o
 .text.GPIO_SetBits
                0x00000000       0x1c ..\obj\stm32f0xx_gpio.o
 .text.GPIO_ResetBits
                0x00000000       0x1c ..\obj\stm32f0xx_gpio.o
 .text.GPIO_WriteBit
                0x00000000       0x38 ..\obj\stm32f0xx_gpio.o
 .text.GPIO_Write
                0x00000000       0x1c ..\obj\stm32f0xx_gpio.o
 .text.GPIO_PinAFConfig
                0x00000000       0xa0 ..\obj\stm32f0xx_gpio.o
 .text          0x00000000        0x0 ..\obj\stm32f0xx_misc.o
 .data          0x00000000        0x0 ..\obj\stm32f0xx_misc.o
 .bss           0x00000000        0x0 ..\obj\stm32f0xx_misc.o
 .text.NVIC_SystemLPConfig
                0x00000000       0x44 ..\obj\stm32f0xx_misc.o
 .text.SysTick_CLKSourceConfig
                0x00000000       0x34 ..\obj\stm32f0xx_misc.o
 .text          0x00000000      0x120 c:/program files (x86)/gnu tools arm embedded/4.9 2014q4/bin/../lib/gcc/arm-none-eabi/4.9.3/armv6-m\libgcc.a(_udivsi3.o)
 .data          0x00000000        0x0 c:/program files (x86)/gnu tools arm embedded/4.9 2014q4/bin/../lib/gcc/arm-none-eabi/4.9.3/armv6-m\libgcc.a(_udivsi3.o)
 .bss           0x00000000        0x0 c:/program files (x86)/gnu tools arm embedded/4.9 2014q4/bin/../lib/gcc/arm-none-eabi/4.9.3/armv6-m\libgcc.a(_udivsi3.o)
 .debug_frame   0x00000000       0x20 c:/program files (x86)/gnu tools arm embedded/4.9 2014q4/bin/../lib/gcc/arm-none-eabi/4.9.3/armv6-m\libgcc.a(_udivsi3.o)
 .ARM.attributes
                0x00000000       0x1e c:/program files (x86)/gnu tools arm embedded/4.9 2014q4/bin/../lib/gcc/arm-none-eabi/4.9.3/armv6-m\libgcc.a(_udivsi3.o)
 .text          0x00000000        0x4 c:/program files (x86)/gnu tools arm embedded/4.9 2014q4/bin/../lib/gcc/arm-none-eabi/4.9.3/armv6-m\libgcc.a(_dvmd_tls.o)
 .data          0x00000000        0x0 c:/program files (x86)/gnu tools arm embedded/4.9 2014q4/bin/../lib/gcc/arm-none-eabi/4.9.3/armv6-m\libgcc.a(_dvmd_tls.o)
 .bss           0x00000000        0x0 c:/program files (x86)/gnu tools arm embedded/4.9 2014q4/bin/../lib/gcc/arm-none-eabi/4.9.3/armv6-m\libgcc.a(_dvmd_tls.o)
 .ARM.attributes
                0x00000000       0x1e c:/program files (x86)/gnu tools arm embedded/4.9 2014q4/bin/../lib/gcc/arm-none-eabi/4.9.3/armv6-m\libgcc.a(_dvmd_tls.o)

Memory Configuration

Name             Origin             Length             Attributes
rom              0x08000000         0x00010000         xr
ram              0x20000000         0x00002000         xrw
*default*        0x00000000         0xffffffff

Linker script and memory map

                0x20002000                _eram = 0x20002000

.text           0x08000000      0x954
 *(.isr_vector)
 .isr_vector    0x08000000       0xc4 ..\obj\startup_stm32f0xx.o
                0x08000000                g_pfnVectors
 *(.text*)
 .text.RCC_AHBPeriphClockCmd
                0x080000c4       0x3c ..\obj\stm32f0xx_rcc.o
                0x080000c4                RCC_AHBPeriphClockCmd
 .text.RCC_APB2PeriphClockCmd
                0x08000100       0x3c ..\obj\stm32f0xx_rcc.o
                0x08000100                RCC_APB2PeriphClockCmd
 .text.ADC_Init
                0x0800013c       0x58 ..\obj\stm32f0xx_adc.o
                0x0800013c                ADC_Init
 .text.ADC_Cmd  0x08000194       0x38 ..\obj\stm32f0xx_adc.o
                0x08000194                ADC_Cmd
 .text.ADC_ChannelConfig
                0x080001cc       0x38 ..\obj\stm32f0xx_adc.o
                0x080001cc                ADC_ChannelConfig
 .text.ADC_StartOfConversion
                0x08000204       0x1c ..\obj\stm32f0xx_adc.o
                0x08000204                ADC_StartOfConversion
 .text.ADC_DMACmd
                0x08000220       0x38 ..\obj\stm32f0xx_adc.o
                0x08000220                ADC_DMACmd
 .text.ADC_GetFlagStatus
                0x08000258       0x60 ..\obj\stm32f0xx_adc.o
                0x08000258                ADC_GetFlagStatus
 .text.DMA1_Channel1_IRQHandler
                0x080002b8       0x24 ..\obj\main.o
                0x080002b8                DMA1_Channel1_IRQHandler
 .text.main     0x080002dc      0x1ac ..\obj\main.o
                0x080002dc                main
 .text.Reset_Handler
                0x08000488       0x4c ..\obj\startup_stm32f0xx.o
                0x08000488                Reset_Handler
 .text.Default_Handler
                0x080004d4        0x2 ..\obj\startup_stm32f0xx.o
                0x080004d4                TIM1_CC_IRQHandler
                0x080004d4                HardFault_Handler
                0x080004d4                ADC1_COMP_IRQHandler
                0x080004d4                SysTick_Handler
                0x080004d4                PVD_IRQHandler
                0x080004d4                PendSV_Handler
                0x080004d4                NMI_Handler
                0x080004d4                I2C1_IRQHandler
                0x080004d4                SPI1_IRQHandler
                0x080004d4                TIM6_DAC_IRQHandler
                0x080004d4                EXTI2_3_IRQHandler
                0x080004d4                I2C2_IRQHandler
                0x080004d4                TIM17_IRQHandler
                0x080004d4                RTC_IRQHandler
                0x080004d4                TIM16_IRQHandler
                0x080004d4                TIM3_IRQHandler
                0x080004d4                EXTI4_15_IRQHandler
                0x080004d4                RCC_IRQHandler
                0x080004d4                Default_Handler
                0x080004d4                CEC_IRQHandler
                0x080004d4                TIM14_IRQHandler
                0x080004d4                DMA1_Channel4_5_IRQHandler
                0x080004d4                TIM15_IRQHandler
                0x080004d4                EXTI0_1_IRQHandler
                0x080004d4                SPI2_IRQHandler
                0x080004d4                SVC_Handler
                0x080004d4                TS_IRQHandler
                0x080004d4                WWDG_IRQHandler
                0x080004d4                TIM2_IRQHandler
                0x080004d4                DMA1_Channel2_3_IRQHandler
                0x080004d4                USART2_IRQHandler
                0x080004d4                FLASH_IRQHandler
                0x080004d4                USART1_IRQHandler
                0x080004d4                TIM1_BRK_UP_TRG_COM_IRQHandler
 *fill*         0x080004d6        0x2 
 .text.DMA_Init
                0x080004d8       0x78 ..\obj\stm32f0xx_dma.o
                0x080004d8                DMA_Init
 .text.DMA_Cmd  0x08000550       0x3c ..\obj\stm32f0xx_dma.o
                0x08000550                DMA_Cmd
 .text.DMA_ITConfig
                0x0800058c       0x38 ..\obj\stm32f0xx_dma.o
                0x0800058c                DMA_ITConfig
 .text.DMA_GetITStatus
                0x080005c4       0x40 ..\obj\stm32f0xx_dma.o
                0x080005c4                DMA_GetITStatus
 .text.DMA_ClearITPendingBit
                0x08000604       0x18 ..\obj\stm32f0xx_dma.o
                0x08000604                DMA_ClearITPendingBit
 .text.SystemInit1
                0x0800061c       0x8c ..\obj\system_stm32f0xx_temp.o
                0x0800061c                SystemInit
                0x0800061c                SystemInit1
 .text.SetSysClock1
                0x080006a8       0xe0 ..\obj\system_stm32f0xx_temp.o
                0x080006a8                SetSysClock
 .text.GPIO_Init
                0x08000788      0x124 ..\obj\stm32f0xx_gpio.o
                0x08000788                GPIO_Init
 .text.NVIC_Init
                0x080008ac       0xa8 ..\obj\stm32f0xx_misc.o
                0x080008ac                NVIC_Init
 *(.init)
 *(.fini)
 *crtbegin.o(.ctors)
 *crtbegin?.o(.ctors)
 *(EXCLUDE_FILE(*crtend.o *crtend?.o) .ctors)
 *(SORT(.ctors.*))
 *(.ctors)
 *crtbegin.o(.dtors)
 *crtbegin?.o(.dtors)
 *(EXCLUDE_FILE(*crtend.o *crtend?.o) .dtors)
 *(SORT(.dtors.*))
 *(.dtors)
 *(.rodata*)
 *(.eh_fram e*)

.glue_7         0x08000954        0x0
 .glue_7        0x00000000        0x0 linker stubs

.glue_7t        0x08000954        0x0
 .glue_7t       0x00000000        0x0 linker stubs

.vfp11_veneer   0x08000954        0x0
 .vfp11_veneer  0x00000000        0x0 linker stubs

.v4_bx          0x08000954        0x0
 .v4_bx         0x00000000        0x0 linker stubs

.iplt           0x08000954        0x0
 .iplt          0x00000000        0x0 ..\obj\stm32f0xx_rcc.o

.rel.dyn        0x08000954        0x0
 .rel.iplt      0x00000000        0x0 ..\obj\stm32f0xx_rcc.o

.ARM.extab
 *(.ARM.extab* .gnu.linkonce.armextab.*)
                0x08000954                __exidx_start = .

.ARM.exidx
 *(.ARM.exidx* .gnu.linkonce.armexidx.*)
                0x08000954                __exidx_end = .
                0x08000954                __etext = .
                0x08000954                _sidata = __etext

.data           0x20000000        0x0 load address 0x08000954
                0x20000000                __data_start__ = .
                0x20000000                _sdata = __data_start__
 *(vtable)
 *(.data*)
                0x20000000                . = ALIGN (0x4)
                0x20000000                PROVIDE (__preinit_array_start, .)
 *(.preinit_array)
                0x20000000                PROVIDE (__preinit_array_end, .)
                0x20000000                . = ALIGN (0x4)
                0x20000000                PROVIDE (__init_array_start, .)
 *(SORT(.init_array.*))
 *(.init_array)
                0x20000000                PROVIDE (__init_array_end, .)
                0x20000000                . = ALIGN (0x4)
                0x20000000                PROVIDE (__fini_array_start, .)
 *(SORT(.fini_array.*))
 *(.fini_array)
                0x20000000                PROVIDE (__fini_array_end, .)
 *(.jcr*)
                0x20000000                . = ALIGN (0x4)
                0x20000000                __data_end__ = .
                0x20000000                _edata = __data_end__

.igot.plt       0x20000000        0x0
 .igot.plt      0x00000000        0x0 ..\obj\stm32f0xx_rcc.o

.bss            0x20000000       0x5c
                0x20000000                . = ALIGN (0x4)
                0x20000000                __bss_start__ = .
                0x20000000                _sbss = __bss_start__
 *(.bss*)
 .bss           0x20000000        0x1 ..\obj\main.o
                0x20000000                Converted
 *(COMMON)
 *fill*         0x20000001        0x3 
 COMMON         0x20000004       0x56 ..\obj\main.o
                0x20000004                D
                0x20000030                N
                0x20000034                A
                0x2000004c                G
                0x20000054                Conversions
                0x2000005c                . = ALIGN (0x4)
 *fill*         0x2000005a        0x2 
                0x2000005c                __bss_end__ = .
                0x2000005c                _ebss = __bss_end__

.heap           0x2000005c        0x0
                0x2000005c                __end__ = .
                0x2000005c                _end = __end__
                0x2000005c                end = __end__
 *(.heap*)
                0x2000005c                __HeapLimit = .

.co_stack       0x2000005c        0x4
                0x20000060                . = ALIGN (0x8)
 *fill*         0x2000005c        0x4 
 *(.co_stack .co_stack.*)
                0x20002000                __StackTop = (ORIGIN (ram) + 0x2000)
                0x20001ffc                __StackLimit = (__StackTop - SIZEOF (.co_stack))
                0x20002000                PROVIDE (__stack, __StackTop)
                0x00000001                ASSERT ((__StackLimit >= __HeapLimit), region ram  overflowed with stack)
LOAD ..\obj\stm32f0xx_rcc.o
LOAD ..\obj\stm32f0xx_adc.o
LOAD ..\obj\main.o
LOAD ..\obj\startup_stm32f0xx.o
LOAD ..\obj\stm32f0xx_dma.o
LOAD ..\obj\system_stm32f0xx_temp.o
LOAD ..\obj\stm32f0xx_gpio.o
LOAD ..\obj\stm32f0xx_misc.o
START GROUP
LOAD c:/program files (x86)/gnu tools arm embedded/4.9 2014q4/bin/../lib/gcc/arm-none-eabi/4.9.3/armv6-m\libgcc.a
LOAD c:/program files (x86)/gnu tools arm embedded/4.9 2014q4/bin/../lib/gcc/arm-none-eabi/4.9.3/../../../../arm-none-eabi/lib/armv6-m\libg.a
LOAD c:/program files (x86)/gnu tools arm embedded/4.9 2014q4/bin/../lib/gcc/arm-none-eabi/4.9.3/../../../../arm-none-eabi/lib/armv6-m\libc.a
END GROUP
OUTPUT(STM32F0-ADCScan.elf elf32-littlearm)

.debug_info     0x00000000     0x2991
 .debug_info    0x00000000      0x99a ..\obj\stm32f0xx_rcc.o
 .debug_info    0x0000099a      0x894 ..\obj\stm32f0xx_adc.o
 .debug_info    0x0000122e      0x65a ..\obj\main.o
 .debug_info    0x00001888       0xb9 ..\obj\startup_stm32f0xx.o
 .debug_info    0x00001941      0x428 ..\obj\stm32f0xx_dma.o
 .debug_info    0x00001d69      0x2ef ..\obj\system_stm32f0xx_temp.o
 .debug_info    0x00002058      0x5cf ..\obj\stm32f0xx_gpio.o
 .debug_info    0x00002627      0x36a ..\obj\stm32f0xx_misc.o

.debug_abbrev   0x00000000      0xa1c
 .debug_abbrev  0x00000000      0x1ec ..\obj\stm32f0xx_rcc.o
 .debug_abbrev  0x000001ec      0x188 ..\obj\stm32f0xx_adc.o
 .debug_abbrev  0x00000374      0x128 ..\obj\main.o
 .debug_abbrev  0x0000049c       0x12 ..\obj\startup_stm32f0xx.o
 .debug_abbrev  0x000004ae      0x15c ..\obj\stm32f0xx_dma.o
 .debug_abbrev  0x0000060a      0x134 ..\obj\system_stm32f0xx_temp.o
 .debug_abbrev  0x0000073e      0x19b ..\obj\stm32f0xx_gpio.o
 .debug_abbrev  0x000008d9      0x143 ..\obj\stm32f0xx_misc.o

.debug_aranges  0x00000000      0x3f0
 .debug_aranges
                0x00000000      0x150 ..\obj\stm32f0xx_rcc.o
 .debug_aranges
                0x00000150      0x100 ..\obj\stm32f0xx_adc.o
 .debug_aranges
                0x00000250       0x28 ..\obj\main.o
 .debug_aranges
                0x00000278       0x28 ..\obj\startup_stm32f0xx.o
 .debug_aranges
                0x000002a0       0x70 ..\obj\stm32f0xx_dma.o
 .debug_aranges
                0x00000310       0x30 ..\obj\system_stm32f0xx_temp.o
 .debug_aranges
                0x00000340       0x80 ..\obj\stm32f0xx_gpio.o
 .debug_aranges
                0x000003c0       0x30 ..\obj\stm32f0xx_misc.o

.debug_ranges   0x00000000      0x378
 .debug_ranges  0x00000000      0x140 ..\obj\stm32f0xx_rcc.o
 .debug_ranges  0x00000140       0xf0 ..\obj\stm32f0xx_adc.o
 .debug_ranges  0x00000230       0x18 ..\obj\main.o
 .debug_ranges  0x00000248       0x20 ..\obj\startup_stm32f0xx.o
 .debug_ranges  0x00000268       0x60 ..\obj\stm32f0xx_dma.o
 .debug_ranges  0x000002c8       0x20 ..\obj\system_stm32f0xx_temp.o
 .debug_ranges  0x000002e8       0x70 ..\obj\stm32f0xx_gpio.o
 .debug_ranges  0x00000358       0x20 ..\obj\stm32f0xx_misc.o

.debug_line     0x00000000     0x1601
 .debug_line    0x00000000      0x51f ..\obj\stm32f0xx_rcc.o
 .debug_line    0x0000051f      0x432 ..\obj\stm32f0xx_adc.o
 .debug_line    0x00000951      0x242 ..\obj\main.o
 .debug_line    0x00000b93       0xb2 ..\obj\startup_stm32f0xx.o
 .debug_line    0x00000c45      0x2bb ..\obj\stm32f0xx_dma.o
 .debug_line    0x00000f00      0x1c7 ..\obj\system_stm32f0xx_temp.o
 .debug_line    0x000010c7      0x2f7 ..\obj\stm32f0xx_gpio.o
 .debug_line    0x000013be      0x243 ..\obj\stm32f0xx_misc.o

.debug_str      0x00000000     0x13f6
 .debug_str     0x00000000      0x689 ..\obj\stm32f0xx_rcc.o
                                0x722 (size before relaxing)
 .debug_str     0x00000689      0x416 ..\obj\stm32f0xx_adc.o
                                0x5a0 (size before relaxing)
 .debug_str     0x00000a9f      0x4b9 ..\obj\main.o
                                0x6f0 (size before relaxing)
 .debug_str     0x00000f58      0x13d ..\obj\stm32f0xx_dma.o
                                0x39e (size before relaxing)
 .debug_str     0x00001095       0xb1 ..\obj\system_stm32f0xx_temp.o
                                0x299 (size before relaxing)
 .debug_str     0x00001146      0x192 ..\obj\stm32f0xx_gpio.o
                                0x489 (size before relaxing)
 .debug_str     0x000012d8      0x11e ..\obj\stm32f0xx_misc.o
                                0x2f3 (size before relaxing)

.comment        0x00000000       0x70
 .comment       0x00000000       0x70 ..\obj\stm32f0xx_rcc.o
                                 0x71 (size before relaxing)
 .comment       0x00000000       0x71 ..\obj\stm32f0xx_adc.o
 .comment       0x00000000       0x71 ..\obj\main.o
 .comment       0x00000000       0x71 ..\obj\stm32f0xx_dma.o
 .comment       0x00000000       0x71 ..\obj\system_stm32f0xx_temp.o
 .comment       0x00000000       0x71 ..\obj\stm32f0xx_gpio.o
 .comment       0x00000000       0x71 ..\obj\stm32f0xx_misc.o

.ARM.attributes
                0x00000000       0x2f
 .ARM.attributes
                0x00000000       0x31 ..\obj\stm32f0xx_rcc.o
 .ARM.attributes
                0x00000031       0x31 ..\obj\stm32f0xx_adc.o
 .ARM.attributes
                0x00000062       0x31 ..\obj\main.o
 .ARM.attributes
                0x00000093       0x21 ..\obj\startup_stm32f0xx.o
 .ARM.attributes
                0x000000b4       0x31 ..\obj\stm32f0xx_dma.o
 .ARM.attributes
                0x000000e5       0x31 ..\obj\system_stm32f0xx_temp.o
 .ARM.attributes
                0x00000116       0x31 ..\obj\stm32f0xx_gpio.o
 .ARM.attributes
                0x00000147       0x31 ..\obj\stm32f0xx_misc.o

.debug_frame    0x00000000      0xcd8
 .debug_frame   0x00000000      0x4e4 ..\obj\stm32f0xx_rcc.o
 .debug_frame   0x000004e4      0x3b0 ..\obj\stm32f0xx_adc.o
 .debug_frame   0x00000894       0x48 ..\obj\main.o
 .debug_frame   0x000008dc      0x170 ..\obj\stm32f0xx_dma.o
 .debug_frame   0x00000a4c       0x6c ..\obj\system_stm32f0xx_temp.o
 .debug_frame   0x00000ab8      0x1b0 ..\obj\stm32f0xx_gpio.o
 .debug_frame   0x00000c68       0x70 ..\obj\stm32f0xx_misc.o
